static/div1/nat: V
Succ : (nat) -> nat
Zero : nat
h : (nat, nat) -> nat
isSucc : (nat : nat) -> bool
isZero : (nat : nat) -> bool