static/modA/aint: V
static/modA/int: V
public alias aint = int = 1