static/xcase1/bar: V
public alias bar = static/modA/aint = 2