test/static/wrong/case2.kk(1,13): error: type inT should be cased as int