twice      : forall<a,e> (f : (a) -> e a, x : a) -> e a
twice2     : forall<a,e> (f : (a) -> e a, x : a) -> e a
