test        : forall<h> () -> <exn,alloc<h>,ndet> ref<h,int>
test2       : () -> ndet ()

