forever     : forall<a,b,e> ((string) -> <pure|e> a) -> <pure|e> b
test        : forall<a> () -> <pure,console> a
