forever     : forall<a,b,e> (() -> <div,console|e> a) -> <div,console|e> b
