f           : () -> foo ()
onevent     : forall<e> (() -> e ()) -> <foo|e> ()
