auto     : forall<a> (f : forall<b> (b) -> b) -> ((a) -> a)
ok       : forall<a> (f : forall<b> (b) -> b) -> ((a) -> a)
