choose2     : forall<a> (x : a, y : a) -> a
choose3     : forall<a> (x : a, y : a) -> a
