auto      : (f : forall<a> (a) -> a) -> (forall<a> (a) -> a)
ids       : list<forall<a> (a) -> a>
test3     : list<forall<a> (a) -> a>
xauto     : forall<a> (f : forall<b> (b) -> b) -> ((a) -> a)
