test/cgen/javascript.kk(79, 3): warning: Some branches in the match will never be reached