test/cgen/rec4.kk(2,13): warning: xs shadows an earlier local definition or parameter